


ARM Macro Assembler    Page 1 


    1 00000000                 thumb
    2 00000000                 area             moncode, code, readonly
    3 00000000                 export           Carre
    4 00000000         ;
    5 00000000         Carre   proc
    6 00000000 40010C10 
                       GPIOB_BSRR
                               equ              0x40010C10  ; Bit Set/Reset reg
                                                            ister
    7 00000000         ; mise a 1 de PB1
    8 00000000 4B03            ldr              r3, =GPIOB_BSRR
    9 00000002 2102            movs             r1, #0x00000002
   10 00000004 6019            str              r1, [r3]
   11 00000006         ; mise a zero de PB1
   12 00000006 4B02            ldr              r3, =GPIOB_BSRR
   13 00000008 F45F 3100       movs             r1, #0x00020000
   14 0000000C 6019            str              r1, [r3]
   15 0000000E 4770            BX               LR
   16 00000010                 endp
   17 00000010         ;
   18 00000010                 end
              40010C10 
Command Line: --debug --xref --cpu=Cortex-M3 --apcs=interwork --depend=Carre.d 
-oCarre.o -IC:\Keil\ARM\RV31\INC -IC:\Keil\ARM\CMSIS\Include -IC:\Keil\ARM\Inc\
ST\STM32F10x --predefine="__EVAL SETA 1" --predefine="__MICROLIB SETA 1" --list
=.\Carre.lst Sources\Carre.s



ARM Macro Assembler    Page 1 Alphabetic symbol ordering
Relocatable symbols

Carre 00000000

Symbol: Carre
   Definitions
      At line 5 in file Sources\Carre.s
   Uses
      At line 3 in file Sources\Carre.s
Comment: Carre used once
moncode 00000000

Symbol: moncode
   Definitions
      At line 2 in file Sources\Carre.s
   Uses
      None
Comment: moncode unused
2 symbols



ARM Macro Assembler    Page 1 Alphabetic symbol ordering
Absolute symbols

GPIOB_BSRR 40010C10

Symbol: GPIOB_BSRR
   Definitions
      At line 6 in file Sources\Carre.s
   Uses
      At line 8 in file Sources\Carre.s
      At line 12 in file Sources\Carre.s

1 symbol
337 symbols in table
