ARM Linker, 5.03 [Build 24] [MDK-ARM Lite]

==============================================================================

Section Cross References

    principal.o(.text) refers to dft.o(moncode) for DFTre
    principal.o(.text) refers to carrem2.o(moncode) for carreM2
    principal.o(.text) refers to trigo.o(Trigo) for TabCos
    dft.o(moncode) refers to signal.o(Signal) for LeSignal
    startup-rvds.o(RESET) refers to startup-rvds.o(STACK) for __initial_sp
    startup-rvds.o(RESET) refers to startup-rvds.o(.text) for Reset_Handler
    startup-rvds.o(.text) refers to entry.o(.ARM.Collect$$$$00000000) for __main
    entry.o(.ARM.Collect$$$$00000000) refers (Special) to entry10a.o(.ARM.Collect$$$$0000000D) for __rt_final_cpp
    entry.o(.ARM.Collect$$$$00000000) refers (Special) to entry11a.o(.ARM.Collect$$$$0000000F) for __rt_final_exit
    entry.o(.ARM.Collect$$$$00000000) refers (Special) to entry7b.o(.ARM.Collect$$$$00000008) for _main_clock
    entry.o(.ARM.Collect$$$$00000000) refers (Special) to entry8b.o(.ARM.Collect$$$$0000000A) for _main_cpp_init
    entry.o(.ARM.Collect$$$$00000000) refers (Special) to entry9a.o(.ARM.Collect$$$$0000000B) for _main_init
    entry.o(.ARM.Collect$$$$00000000) refers (Special) to entry5.o(.ARM.Collect$$$$00000004) for _main_scatterload
    entry.o(.ARM.Collect$$$$00000000) refers (Special) to entry2.o(.ARM.Collect$$$$00000001) for _main_stk
    entry2.o(.ARM.Collect$$$$00000001) refers to entry2.o(.ARM.Collect$$$$00002712) for __lit__00000000
    entry2.o(.ARM.Collect$$$$00002712) refers to startup-rvds.o(STACK) for __initial_sp
    entry2.o(__vectab_stack_and_reset_area) refers to startup-rvds.o(STACK) for __initial_sp
    entry2.o(__vectab_stack_and_reset_area) refers to entry.o(.ARM.Collect$$$$00000000) for __main
    entry5.o(.ARM.Collect$$$$00000004) refers to init.o(.text) for __scatterload
    entry9a.o(.ARM.Collect$$$$0000000B) refers to principal.o(.text) for main
    entry9b.o(.ARM.Collect$$$$0000000C) refers to principal.o(.text) for main
    init.o(.text) refers to entry5.o(.ARM.Collect$$$$00000004) for __main_after_scatterload


==============================================================================

Removing Unused input sections from the image.

    Removing principal.o(.rev16_text), (4 bytes).
    Removing principal.o(.revsh_text), (4 bytes).
    Removing startup-rvds.o(HEAP), (512 bytes).

3 unused section(s) (total 520 bytes) removed from the image.

==============================================================================

Image Symbol Table

    Local Symbols

    Symbol Name                              Value     Ov Type        Size  Object(Section)

    ../clib/microlib/init/entry.s            0x00000000   Number         0  entry9a.o ABSOLUTE
    ../clib/microlib/init/entry.s            0x00000000   Number         0  entry5.o ABSOLUTE
    ../clib/microlib/init/entry.s            0x00000000   Number         0  entry2.o ABSOLUTE
    ../clib/microlib/init/entry.s            0x00000000   Number         0  entry8b.o ABSOLUTE
    ../clib/microlib/init/entry.s            0x00000000   Number         0  entry8a.o ABSOLUTE
    ../clib/microlib/init/entry.s            0x00000000   Number         0  entry7b.o ABSOLUTE
    ../clib/microlib/init/entry.s            0x00000000   Number         0  entry7a.o ABSOLUTE
    ../clib/microlib/init/entry.s            0x00000000   Number         0  entry11b.o ABSOLUTE
    ../clib/microlib/init/entry.s            0x00000000   Number         0  entry11a.o ABSOLUTE
    ../clib/microlib/init/entry.s            0x00000000   Number         0  entry10b.o ABSOLUTE
    ../clib/microlib/init/entry.s            0x00000000   Number         0  entry10a.o ABSOLUTE
    ../clib/microlib/init/entry.s            0x00000000   Number         0  entry9b.o ABSOLUTE
    ../clib/microlib/init/entry.s            0x00000000   Number         0  entry.o ABSOLUTE
    Sources\Signal.asm                       0x00000000   Number         0  signal.o ABSOLUTE
    Sources\Trigo.asm                        0x00000000   Number         0  trigo.o ABSOLUTE
    Sources\\principal.c                     0x00000000   Number         0  principal.o ABSOLUTE
    Sources\carreM2.asm                      0x00000000   Number         0  carrem2.o ABSOLUTE
    Sources\dft.asm                          0x00000000   Number         0  dft.o ABSOLUTE
    Sources\principal.c                      0x00000000   Number         0  principal.o ABSOLUTE
    Systeme\startup-rvds.s                   0x00000000   Number         0  startup-rvds.o ABSOLUTE
    dc.s                                     0x00000000   Number         0  dc.o ABSOLUTE
    handlers.s                               0x00000000   Number         0  handlers.o ABSOLUTE
    init.s                                   0x00000000   Number         0  init.o ABSOLUTE
    RESET                                    0x08000000   Section      236  startup-rvds.o(RESET)
    .ARM.Collect$$$$00000000                 0x080000ec   Section        0  entry.o(.ARM.Collect$$$$00000000)
    .ARM.Collect$$$$00000001                 0x080000ec   Section        4  entry2.o(.ARM.Collect$$$$00000001)
    .ARM.Collect$$$$00000004                 0x080000f0   Section        4  entry5.o(.ARM.Collect$$$$00000004)
    .ARM.Collect$$$$00000008                 0x080000f4   Section        0  entry7b.o(.ARM.Collect$$$$00000008)
    .ARM.Collect$$$$0000000A                 0x080000f4   Section        0  entry8b.o(.ARM.Collect$$$$0000000A)
    .ARM.Collect$$$$0000000B                 0x080000f4   Section        8  entry9a.o(.ARM.Collect$$$$0000000B)
    .ARM.Collect$$$$0000000D                 0x080000fc   Section        0  entry10a.o(.ARM.Collect$$$$0000000D)
    .ARM.Collect$$$$0000000F                 0x080000fc   Section        0  entry11a.o(.ARM.Collect$$$$0000000F)
    .ARM.Collect$$$$00002712                 0x080000fc   Section        4  entry2.o(.ARM.Collect$$$$00002712)
    __lit__00000000                          0x080000fc   Data           4  entry2.o(.ARM.Collect$$$$00002712)
    .text                                    0x08000100   Section        0  principal.o(.text)
    .text                                    0x08000130   Section       76  startup-rvds.o(.text)
    .text                                    0x0800017c   Section       36  init.o(.text)
    i.__scatterload_copy                     0x080001a0   Section       14  handlers.o(i.__scatterload_copy)
    i.__scatterload_null                     0x080001ae   Section        2  handlers.o(i.__scatterload_null)
    i.__scatterload_zeroinit                 0x080001b0   Section       14  handlers.o(i.__scatterload_zeroinit)
    moncode                                  0x080001c0   Section       60  dft.o(moncode)
    moncode                                  0x080001fc   Section       14  carrem2.o(moncode)
    Signal                                   0x0800021c   Section      128  signal.o(Signal)
    Trigo                                    0x0800029c   Section      256  trigo.o(Trigo)
    STACK                                    0x20000000   Section     1024  startup-rvds.o(STACK)

    Global Symbols

    Symbol Name                              Value     Ov Type        Size  Object(Section)

    BuildAttributes$$THM_ISAv4$P$D$K$B$S$PE$A:L22UL41UL21$X:L11$S22US41US21$IEEE1$IW$USESV6$~STKCKD$USESV7$~SHL$OSPACE$EBA8$MICROLIB$REQ8$EABIv2 0x00000000   Number         0  anon$$obj.o ABSOLUTE
    __ARM_use_no_argv                        0x00000000   Number         0  principal.o ABSOLUTE
    __cpp_initialize__aeabi_                  - Undefined Weak Reference
    __cxa_finalize                            - Undefined Weak Reference
    __decompress                              - Undefined Weak Reference
    _clock_init                               - Undefined Weak Reference
    _microlib_exit                            - Undefined Weak Reference
    __Vectors_Size                           0x000000ec   Number         0  startup-rvds.o ABSOLUTE
    __Vectors                                0x08000000   Data           4  startup-rvds.o(RESET)
    __Vectors_End                            0x080000ec   Data           0  startup-rvds.o(RESET)
    __main                                   0x080000ed   Thumb Code     0  entry.o(.ARM.Collect$$$$00000000)
    _main_stk                                0x080000ed   Thumb Code     0  entry2.o(.ARM.Collect$$$$00000001)
    _main_scatterload                        0x080000f1   Thumb Code     0  entry5.o(.ARM.Collect$$$$00000004)
    __main_after_scatterload                 0x080000f5   Thumb Code     0  entry5.o(.ARM.Collect$$$$00000004)
    _main_clock                              0x080000f5   Thumb Code     0  entry7b.o(.ARM.Collect$$$$00000008)
    _main_cpp_init                           0x080000f5   Thumb Code     0  entry8b.o(.ARM.Collect$$$$0000000A)
    _main_init                               0x080000f5   Thumb Code     0  entry9a.o(.ARM.Collect$$$$0000000B)
    __rt_final_cpp                           0x080000fd   Thumb Code     0  entry10a.o(.ARM.Collect$$$$0000000D)
    __rt_final_exit                          0x080000fd   Thumb Code     0  entry11a.o(.ARM.Collect$$$$0000000F)
    main                                     0x08000101   Thumb Code    40  principal.o(.text)
    Reset_Handler                            0x08000131   Thumb Code    34  startup-rvds.o(.text)
    SystemInit                               0x08000153   Thumb Code     2  startup-rvds.o(.text)
    NMI_Handler                              0x08000155   Thumb Code     2  startup-rvds.o(.text)
    HardFault_Handler                        0x08000157   Thumb Code     2  startup-rvds.o(.text)
    MemManage_Handler                        0x08000159   Thumb Code     2  startup-rvds.o(.text)
    BusFault_Handler                         0x0800015b   Thumb Code     2  startup-rvds.o(.text)
    UsageFault_Handler                       0x0800015d   Thumb Code     2  startup-rvds.o(.text)
    SVC_Handler                              0x0800015f   Thumb Code     2  startup-rvds.o(.text)
    DebugMon_Handler                         0x08000161   Thumb Code     2  startup-rvds.o(.text)
    PendSV_Handler                           0x08000163   Thumb Code     2  startup-rvds.o(.text)
    SysTick_Handler                          0x08000165   Thumb Code     2  startup-rvds.o(.text)
    ADC1_2_IRQHandler                        0x08000167   Thumb Code     0  startup-rvds.o(.text)
    CAN1_RX1_IRQHandler                      0x08000167   Thumb Code     0  startup-rvds.o(.text)
    CAN1_SCE_IRQHandler                      0x08000167   Thumb Code     0  startup-rvds.o(.text)
    DMA1_Channel1_IRQHandler                 0x08000167   Thumb Code     0  startup-rvds.o(.text)
    DMA1_Channel2_IRQHandler                 0x08000167   Thumb Code     0  startup-rvds.o(.text)
    DMA1_Channel3_IRQHandler                 0x08000167   Thumb Code     0  startup-rvds.o(.text)
    DMA1_Channel4_IRQHandler                 0x08000167   Thumb Code     0  startup-rvds.o(.text)
    DMA1_Channel5_IRQHandler                 0x08000167   Thumb Code     0  startup-rvds.o(.text)
    DMA1_Channel6_IRQHandler                 0x08000167   Thumb Code     0  startup-rvds.o(.text)
    DMA1_Channel7_IRQHandler                 0x08000167   Thumb Code     0  startup-rvds.o(.text)
    EXTI0_IRQHandler                         0x08000167   Thumb Code     0  startup-rvds.o(.text)
    EXTI15_10_IRQHandler                     0x08000167   Thumb Code     0  startup-rvds.o(.text)
    EXTI1_IRQHandler                         0x08000167   Thumb Code     0  startup-rvds.o(.text)
    EXTI2_IRQHandler                         0x08000167   Thumb Code     0  startup-rvds.o(.text)
    EXTI3_IRQHandler                         0x08000167   Thumb Code     0  startup-rvds.o(.text)
    EXTI4_IRQHandler                         0x08000167   Thumb Code     0  startup-rvds.o(.text)
    EXTI9_5_IRQHandler                       0x08000167   Thumb Code     0  startup-rvds.o(.text)
    FLASH_IRQHandler                         0x08000167   Thumb Code     0  startup-rvds.o(.text)
    I2C1_ER_IRQHandler                       0x08000167   Thumb Code     0  startup-rvds.o(.text)
    I2C1_EV_IRQHandler                       0x08000167   Thumb Code     0  startup-rvds.o(.text)
    I2C2_ER_IRQHandler                       0x08000167   Thumb Code     0  startup-rvds.o(.text)
    I2C2_EV_IRQHandler                       0x08000167   Thumb Code     0  startup-rvds.o(.text)
    PVD_IRQHandler                           0x08000167   Thumb Code     0  startup-rvds.o(.text)
    RCC_IRQHandler                           0x08000167   Thumb Code     0  startup-rvds.o(.text)
    RTCAlarm_IRQHandler                      0x08000167   Thumb Code     0  startup-rvds.o(.text)
    RTC_IRQHandler                           0x08000167   Thumb Code     0  startup-rvds.o(.text)
    SPI1_IRQHandler                          0x08000167   Thumb Code     0  startup-rvds.o(.text)
    SPI2_IRQHandler                          0x08000167   Thumb Code     0  startup-rvds.o(.text)
    TAMPER_IRQHandler                        0x08000167   Thumb Code     0  startup-rvds.o(.text)
    TIM1_BRK_IRQHandler                      0x08000167   Thumb Code     0  startup-rvds.o(.text)
    TIM1_CC_IRQHandler                       0x08000167   Thumb Code     0  startup-rvds.o(.text)
    TIM1_TRG_COM_IRQHandler                  0x08000167   Thumb Code     0  startup-rvds.o(.text)
    TIM1_UP_IRQHandler                       0x08000167   Thumb Code     0  startup-rvds.o(.text)
    TIM2_IRQHandler                          0x08000167   Thumb Code     0  startup-rvds.o(.text)
    TIM3_IRQHandler                          0x08000167   Thumb Code     0  startup-rvds.o(.text)
    TIM4_IRQHandler                          0x08000167   Thumb Code     0  startup-rvds.o(.text)
    USART1_IRQHandler                        0x08000167   Thumb Code     0  startup-rvds.o(.text)
    USART2_IRQHandler                        0x08000167   Thumb Code     0  startup-rvds.o(.text)
    USART3_IRQHandler                        0x08000167   Thumb Code     0  startup-rvds.o(.text)
    USBWakeUp_IRQHandler                     0x08000167   Thumb Code     0  startup-rvds.o(.text)
    USB_HP_CAN1_TX_IRQHandler                0x08000167   Thumb Code     0  startup-rvds.o(.text)
    USB_LP_CAN1_RX0_IRQHandler               0x08000167   Thumb Code     0  startup-rvds.o(.text)
    WWDG_IRQHandler                          0x08000167   Thumb Code     0  startup-rvds.o(.text)
    __scatterload                            0x0800017d   Thumb Code    28  init.o(.text)
    __scatterload_rt2                        0x0800017d   Thumb Code     0  init.o(.text)
    __scatterload_copy                       0x080001a1   Thumb Code    14  handlers.o(i.__scatterload_copy)
    __scatterload_null                       0x080001af   Thumb Code     2  handlers.o(i.__scatterload_null)
    __scatterload_zeroinit                   0x080001b1   Thumb Code    14  handlers.o(i.__scatterload_zeroinit)
    DFTre                                    0x080001c1   Thumb Code    54  dft.o(moncode)
    carreM2                                  0x080001fd   Thumb Code    14  carrem2.o(moncode)
    Region$$Table$$Base                      0x0800020c   Number         0  anon$$obj.o(Region$$Table)
    LeSignal                                 0x0800021c   Data           0  signal.o(Signal)
    Region$$Table$$Limit                     0x0800021c   Number         0  anon$$obj.o(Region$$Table)
    TabCos                                   0x0800029c   Data           0  trigo.o(Trigo)
    TabSin                                   0x0800031c   Data           0  trigo.o(Trigo)
    __initial_sp                             0x20000400   Data           0  startup-rvds.o(STACK)



==============================================================================

Memory Map of the image

  Image Entry point : 0x08000131

  Load Region LR_1 (Base: 0x08000000, Size: 0x0000039c, Max: 0xffffffff, ABSOLUTE)

    Execution Region ER_RO (Base: 0x08000000, Size: 0x0000039c, Max: 0xffffffff, ABSOLUTE)

    Base Addr    Size         Type   Attr      Idx    E Section Name        Object

    0x08000000   0x000000ec   Data   RO           58    RESET               startup-rvds.o
    0x080000ec   0x00000000   Code   RO           65  * .ARM.Collect$$$$00000000  mc_w.l(entry.o)
    0x080000ec   0x00000004   Code   RO           68    .ARM.Collect$$$$00000001  mc_w.l(entry2.o)
    0x080000f0   0x00000004   Code   RO           71    .ARM.Collect$$$$00000004  mc_w.l(entry5.o)
    0x080000f4   0x00000000   Code   RO           73    .ARM.Collect$$$$00000008  mc_w.l(entry7b.o)
    0x080000f4   0x00000000   Code   RO           75    .ARM.Collect$$$$0000000A  mc_w.l(entry8b.o)
    0x080000f4   0x00000008   Code   RO           76    .ARM.Collect$$$$0000000B  mc_w.l(entry9a.o)
    0x080000fc   0x00000000   Code   RO           78    .ARM.Collect$$$$0000000D  mc_w.l(entry10a.o)
    0x080000fc   0x00000000   Code   RO           80    .ARM.Collect$$$$0000000F  mc_w.l(entry11a.o)
    0x080000fc   0x00000004   Code   RO           69    .ARM.Collect$$$$00002712  mc_w.l(entry2.o)
    0x08000100   0x00000030   Code   RO            3    .text               principal.o
    0x08000130   0x0000004c   Code   RO           59  * .text               startup-rvds.o
    0x0800017c   0x00000024   Code   RO           82    .text               mc_w.l(init.o)
    0x080001a0   0x0000000e   Code   RO           86    i.__scatterload_copy  mc_w.l(handlers.o)
    0x080001ae   0x00000002   Code   RO           87    i.__scatterload_null  mc_w.l(handlers.o)
    0x080001b0   0x0000000e   Code   RO           88    i.__scatterload_zeroinit  mc_w.l(handlers.o)
    0x080001be   0x00000002   PAD
    0x080001c0   0x0000003c   Code   RO           48    moncode             dft.o
    0x080001fc   0x0000000e   Code   RO           52    moncode             carrem2.o
    0x0800020a   0x00000002   PAD
    0x0800020c   0x00000010   Data   RO           84    Region$$Table       anon$$obj.o
    0x0800021c   0x00000080   Data   RO           64    Signal              signal.o
    0x0800029c   0x00000100   Data   RO           63    Trigo               trigo.o


    Execution Region ER_RW (Base: 0x20000000, Size: 0x00000000, Max: 0xffffffff, ABSOLUTE)

    **** No section assigned to this execution region ****


    Execution Region ER_ZI (Base: 0x20000000, Size: 0x00000400, Max: 0xffffffff, ABSOLUTE)

    Base Addr    Size         Type   Attr      Idx    E Section Name        Object

    0x20000000   0x00000400   Zero   RW           56    STACK               startup-rvds.o


==============================================================================

Image component sizes


      Code (inc. data)   RO Data    RW Data    ZI Data      Debug   Object Name

        14          0          0          0          0        284   carrem2.o
        60          6          0          0          0        288   dft.o
        48          8          0          0          0       1987   principal.o
         0          0        128          0          0          0   signal.o
        76         20        236          0       1024        772   startup-rvds.o
         0          0        256          0          0          0   trigo.o

    ----------------------------------------------------------------------
       200         34        636          0       1024       3331   Object Totals
         0          0         16          0          0          0   (incl. Generated)
         2          0          0          0          0          0   (incl. Padding)

    ----------------------------------------------------------------------

      Code (inc. data)   RO Data    RW Data    ZI Data      Debug   Library Member Name

         0          0          0          0          0          0   entry.o
         0          0          0          0          0          0   entry10a.o
         0          0          0          0          0          0   entry11a.o
         8          4          0          0          0          0   entry2.o
         4          0          0          0          0          0   entry5.o
         0          0          0          0          0          0   entry7b.o
         0          0          0          0          0          0   entry8b.o
         8          4          0          0          0          0   entry9a.o
        30          0          0          0          0          0   handlers.o
        36          8          0          0          0         68   init.o

    ----------------------------------------------------------------------
        88         16          0          0          0         68   Library Totals
         2          0          0          0          0          0   (incl. Padding)

    ----------------------------------------------------------------------

      Code (inc. data)   RO Data    RW Data    ZI Data      Debug   Library Name

        86         16          0          0          0         68   mc_w.l

    ----------------------------------------------------------------------
        88         16          0          0          0         68   Library Totals

    ----------------------------------------------------------------------

==============================================================================


      Code (inc. data)   RO Data    RW Data    ZI Data      Debug   

       288         50        636          0       1024       3243   Grand Totals
       288         50        636          0       1024       3243   ELF Image Totals
       288         50        636          0          0          0   ROM Totals

==============================================================================

    Total RO  Size (Code + RO Data)                  924 (   0.90kB)
    Total RW  Size (RW Data + ZI Data)              1024 (   1.00kB)
    Total ROM Size (Code + RO Data + RW Data)        924 (   0.90kB)

==============================================================================

